exports[`test renders correctly 1`] = `
<div
  className="content-wrapper">
  <div>
    Loading Orders...
  </div>
</div>
`;
